Archive member included because of file (symbol)

/usr/local/lpcxpresso_7.6.2_326/lpcxpresso/tools/bin/../lib/gcc/arm-none-eabi/4.9.3/armv7-m/libgcc.a(_arm_addsubdf3.o)
                              /tmp/ccb50d1s.ltrans0.ltrans.o (__aeabi_dadd)
/usr/local/lpcxpresso_7.6.2_326/lpcxpresso/tools/bin/../lib/gcc/arm-none-eabi/4.9.3/armv7-m/libgcc.a(_arm_muldivdf3.o)
                              /tmp/ccb50d1s.ltrans0.ltrans.o (__aeabi_dmul)
/usr/local/lpcxpresso_7.6.2_326/lpcxpresso/tools/bin/../lib/gcc/arm-none-eabi/4.9.3/armv7-m/libgcc.a(_arm_truncdfsf2.o)
                              /tmp/ccb50d1s.ltrans0.ltrans.o (__aeabi_d2f)
/usr/local/lpcxpresso_7.6.2_326/lpcxpresso/tools/bin/../lib/gcc/arm-none-eabi/4.9.3/armv7-m/libgcc.a(_arm_addsubsf3.o)
                              /tmp/ccb50d1s.ltrans0.ltrans.o (__aeabi_fsub)
/usr/local/lpcxpresso_7.6.2_326/lpcxpresso/tools/bin/../lib/gcc/arm-none-eabi/4.9.3/armv7-m/libgcc.a(_arm_muldivsf3.o)
                              /tmp/ccb50d1s.ltrans0.ltrans.o (__aeabi_fmul)
/usr/local/lpcxpresso_7.6.2_326/lpcxpresso/tools/bin/../lib/gcc/arm-none-eabi/4.9.3/armv7-m/libgcc.a(_arm_cmpsf2.o)
                              /tmp/ccb50d1s.ltrans0.ltrans.o (__aeabi_fcmpeq)
/usr/local/lpcxpresso_7.6.2_326/lpcxpresso/tools/bin/../lib/gcc/arm-none-eabi/4.9.3/armv7-m/libgcc.a(_arm_fixsfsi.o)
                              /tmp/ccb50d1s.ltrans0.ltrans.o (__aeabi_f2iz)
/usr/local/lpcxpresso_7.6.2_326/lpcxpresso/tools/bin/../lib/gcc/arm-none-eabi/4.9.3/../../../../arm-none-eabi/lib/armv7-m/libm.a(lib_a-sf_cos.o)
                              /tmp/ccb50d1s.ltrans0.ltrans.o (cosf)
/usr/local/lpcxpresso_7.6.2_326/lpcxpresso/tools/bin/../lib/gcc/arm-none-eabi/4.9.3/../../../../arm-none-eabi/lib/armv7-m/libm.a(lib_a-sf_lrint.o)
                              /tmp/ccb50d1s.ltrans0.ltrans.o (lrintf)
/usr/local/lpcxpresso_7.6.2_326/lpcxpresso/tools/bin/../lib/gcc/arm-none-eabi/4.9.3/../../../../arm-none-eabi/lib/armv7-m/libm.a(lib_a-sf_sin.o)
                              /tmp/ccb50d1s.ltrans0.ltrans.o (sinf)
/usr/local/lpcxpresso_7.6.2_326/lpcxpresso/tools/bin/../lib/gcc/arm-none-eabi/4.9.3/../../../../arm-none-eabi/lib/armv7-m/libm.a(lib_a-wf_atan2.o)
                              /tmp/ccb50d1s.ltrans0.ltrans.o (atan2f)
/usr/local/lpcxpresso_7.6.2_326/lpcxpresso/tools/bin/../lib/gcc/arm-none-eabi/4.9.3/../../../../arm-none-eabi/lib/armv7-m/libm.a(lib_a-wf_sqrt.o)
                              /tmp/ccb50d1s.ltrans0.ltrans.o (sqrtf)
/usr/local/lpcxpresso_7.6.2_326/lpcxpresso/tools/bin/../lib/gcc/arm-none-eabi/4.9.3/../../../../arm-none-eabi/lib/armv7-m/libm.a(lib_a-ef_atan2.o)
                              /usr/local/lpcxpresso_7.6.2_326/lpcxpresso/tools/bin/../lib/gcc/arm-none-eabi/4.9.3/../../../../arm-none-eabi/lib/armv7-m/libm.a(lib_a-wf_atan2.o) (__ieee754_atan2f)
/usr/local/lpcxpresso_7.6.2_326/lpcxpresso/tools/bin/../lib/gcc/arm-none-eabi/4.9.3/../../../../arm-none-eabi/lib/armv7-m/libm.a(lib_a-ef_rem_pio2.o)
                              /usr/local/lpcxpresso_7.6.2_326/lpcxpresso/tools/bin/../lib/gcc/arm-none-eabi/4.9.3/../../../../arm-none-eabi/lib/armv7-m/libm.a(lib_a-sf_cos.o) (__ieee754_rem_pio2f)
/usr/local/lpcxpresso_7.6.2_326/lpcxpresso/tools/bin/../lib/gcc/arm-none-eabi/4.9.3/../../../../arm-none-eabi/lib/armv7-m/libm.a(lib_a-ef_sqrt.o)
                              /usr/local/lpcxpresso_7.6.2_326/lpcxpresso/tools/bin/../lib/gcc/arm-none-eabi/4.9.3/../../../../arm-none-eabi/lib/armv7-m/libm.a(lib_a-wf_sqrt.o) (__ieee754_sqrtf)
/usr/local/lpcxpresso_7.6.2_326/lpcxpresso/tools/bin/../lib/gcc/arm-none-eabi/4.9.3/../../../../arm-none-eabi/lib/armv7-m/libm.a(lib_a-kf_cos.o)
                              /usr/local/lpcxpresso_7.6.2_326/lpcxpresso/tools/bin/../lib/gcc/arm-none-eabi/4.9.3/../../../../arm-none-eabi/lib/armv7-m/libm.a(lib_a-sf_cos.o) (__kernel_cosf)
/usr/local/lpcxpresso_7.6.2_326/lpcxpresso/tools/bin/../lib/gcc/arm-none-eabi/4.9.3/../../../../arm-none-eabi/lib/armv7-m/libm.a(lib_a-kf_rem_pio2.o)
                              /usr/local/lpcxpresso_7.6.2_326/lpcxpresso/tools/bin/../lib/gcc/arm-none-eabi/4.9.3/../../../../arm-none-eabi/lib/armv7-m/libm.a(lib_a-ef_rem_pio2.o) (__kernel_rem_pio2f)
/usr/local/lpcxpresso_7.6.2_326/lpcxpresso/tools/bin/../lib/gcc/arm-none-eabi/4.9.3/../../../../arm-none-eabi/lib/armv7-m/libm.a(lib_a-kf_sin.o)
                              /usr/local/lpcxpresso_7.6.2_326/lpcxpresso/tools/bin/../lib/gcc/arm-none-eabi/4.9.3/../../../../arm-none-eabi/lib/armv7-m/libm.a(lib_a-sf_cos.o) (__kernel_sinf)
/usr/local/lpcxpresso_7.6.2_326/lpcxpresso/tools/bin/../lib/gcc/arm-none-eabi/4.9.3/../../../../arm-none-eabi/lib/armv7-m/libm.a(lib_a-s_lib_ver.o)
                              /usr/local/lpcxpresso_7.6.2_326/lpcxpresso/tools/bin/../lib/gcc/arm-none-eabi/4.9.3/../../../../arm-none-eabi/lib/armv7-m/libm.a(lib_a-wf_sqrt.o) (__fdlib_version)
/usr/local/lpcxpresso_7.6.2_326/lpcxpresso/tools/bin/../lib/gcc/arm-none-eabi/4.9.3/../../../../arm-none-eabi/lib/armv7-m/libm.a(lib_a-s_matherr.o)
                              /usr/local/lpcxpresso_7.6.2_326/lpcxpresso/tools/bin/../lib/gcc/arm-none-eabi/4.9.3/../../../../arm-none-eabi/lib/armv7-m/libm.a(lib_a-wf_sqrt.o) (matherr)
/usr/local/lpcxpresso_7.6.2_326/lpcxpresso/tools/bin/../lib/gcc/arm-none-eabi/4.9.3/../../../../arm-none-eabi/lib/armv7-m/libm.a(lib_a-sf_atan.o)
                              /usr/local/lpcxpresso_7.6.2_326/lpcxpresso/tools/bin/../lib/gcc/arm-none-eabi/4.9.3/../../../../arm-none-eabi/lib/armv7-m/libm.a(lib_a-ef_atan2.o) (atanf)
/usr/local/lpcxpresso_7.6.2_326/lpcxpresso/tools/bin/../lib/gcc/arm-none-eabi/4.9.3/../../../../arm-none-eabi/lib/armv7-m/libm.a(lib_a-sf_fabs.o)
                              /usr/local/lpcxpresso_7.6.2_326/lpcxpresso/tools/bin/../lib/gcc/arm-none-eabi/4.9.3/../../../../arm-none-eabi/lib/armv7-m/libm.a(lib_a-ef_atan2.o) (fabsf)
/usr/local/lpcxpresso_7.6.2_326/lpcxpresso/tools/bin/../lib/gcc/arm-none-eabi/4.9.3/../../../../arm-none-eabi/lib/armv7-m/libm.a(lib_a-sf_floor.o)
                              /usr/local/lpcxpresso_7.6.2_326/lpcxpresso/tools/bin/../lib/gcc/arm-none-eabi/4.9.3/../../../../arm-none-eabi/lib/armv7-m/libm.a(lib_a-kf_rem_pio2.o) (floorf)
/usr/local/lpcxpresso_7.6.2_326/lpcxpresso/tools/bin/../lib/gcc/arm-none-eabi/4.9.3/../../../../arm-none-eabi/lib/armv7-m/libm.a(lib_a-sf_fpclassify.o)
                              /usr/local/lpcxpresso_7.6.2_326/lpcxpresso/tools/bin/../lib/gcc/arm-none-eabi/4.9.3/../../../../arm-none-eabi/lib/armv7-m/libm.a(lib_a-wf_sqrt.o) (__fpclassifyf)
/usr/local/lpcxpresso_7.6.2_326/lpcxpresso/tools/bin/../lib/gcc/arm-none-eabi/4.9.3/../../../../arm-none-eabi/lib/armv7-m/libm.a(lib_a-sf_scalbn.o)
                              /usr/local/lpcxpresso_7.6.2_326/lpcxpresso/tools/bin/../lib/gcc/arm-none-eabi/4.9.3/../../../../arm-none-eabi/lib/armv7-m/libm.a(lib_a-kf_rem_pio2.o) (scalbnf)
/usr/local/lpcxpresso_7.6.2_326/lpcxpresso/tools/bin/../lib/gcc/arm-none-eabi/4.9.3/../../../../arm-none-eabi/lib/armv7-m/libm.a(lib_a-sf_copysign.o)
                              /usr/local/lpcxpresso_7.6.2_326/lpcxpresso/tools/bin/../lib/gcc/arm-none-eabi/4.9.3/../../../../arm-none-eabi/lib/armv7-m/libm.a(lib_a-sf_scalbn.o) (copysignf)
/usr/local/lpcxpresso_7.6.2_326/lpcxpresso/tools/bin/../lib/gcc/arm-none-eabi/4.9.3/../../../../arm-none-eabi/lib/armv7-m/libc_nano.a(lib_a-errno.o)
                              /usr/local/lpcxpresso_7.6.2_326/lpcxpresso/tools/bin/../lib/gcc/arm-none-eabi/4.9.3/../../../../arm-none-eabi/lib/armv7-m/libm.a(lib_a-wf_sqrt.o) (__errno)
/usr/local/lpcxpresso_7.6.2_326/lpcxpresso/tools/bin/../lib/gcc/arm-none-eabi/4.9.3/../../../../arm-none-eabi/lib/armv7-m/libc_nano.a(lib_a-impure.o)
                              /usr/local/lpcxpresso_7.6.2_326/lpcxpresso/tools/bin/../lib/gcc/arm-none-eabi/4.9.3/../../../../arm-none-eabi/lib/armv7-m/libc_nano.a(lib_a-errno.o) (_impure_ptr)

Allocating common symbols
Common symbol       size              file

acc                 0x10              obj/NAZE/sensors.o (symbol from plugin)
lidarlite_available
                    0x1               obj/NAZE/drv_px4flow.o (symbol from plugin)
mb1242_distance     0x2               obj/NAZE/drv_px4flow.o (symbol from plugin)
gyroADC             0x6               obj/NAZE/imu.o (symbol from plugin)
telemTemperature1   0x2               obj/NAZE/mw.o (symbol from plugin)
mAhdrawn            0x4               obj/NAZE/mw.o (symbol from plugin)
lookupThrottleRC    0x18              obj/NAZE/mw.o (symbol from plugin)
debug               0x8               obj/NAZE/mw.o (symbol from plugin)
accSum              0xc               obj/NAZE/imu.o (symbol from plugin)
accVelScale         0x4               obj/NAZE/imu.o (symbol from plugin)
accADC              0x6               obj/NAZE/imu.o (symbol from plugin)
magHold             0x2               obj/NAZE/sensors.o (symbol from plugin)
lidarlite_distance  0x2               obj/NAZE/drv_px4flow.o (symbol from plugin)
mb1242_available    0x1               obj/NAZE/drv_px4flow.o (symbol from plugin)
gyro                0x10              obj/NAZE/sensors.o (symbol from plugin)
timerConfigs        0x100             obj/NAZE/drv_timer.o (symbol from plugin)
EstAlt              0x4               obj/NAZE/imu.o (symbol from plugin)
magADC              0x6               obj/NAZE/imu.o (symbol from plugin)
vbat                0x2               obj/NAZE/mw.o (symbol from plugin)
batteryWarningVoltage
                    0x2               obj/NAZE/mw.o (symbol from plugin)
px4flow_available   0x1               obj/NAZE/drv_px4flow.o (symbol from plugin)
AltHold             0x4               obj/NAZE/imu.o (symbol from plugin)
accSmooth           0x6               obj/NAZE/imu.o (symbol from plugin)
px4flow_frame       0x16              obj/NAZE/drv_px4flow.o (symbol from plugin)
throttleAngleScale  0x4               obj/NAZE/imu.o (symbol from plugin)
dynI8               0x3               obj/NAZE/mw.o (symbol from plugin)
amperage            0x4               obj/NAZE/mw.o (symbol from plugin)
motor               0x8               obj/NAZE/mixer.o (symbol from plugin)
batteryCriticalVoltage
                    0x2               obj/NAZE/mw.o (symbol from plugin)
rcData              0x24              obj/NAZE/mw.o (symbol from plugin)
motor_disarmed      0x8               obj/NAZE/mixer.o (symbol from plugin)
mag                 0x10              obj/NAZE/sensors.o (symbol from plugin)
lookupPitchRollRC   0xe               obj/NAZE/mw.o (symbol from plugin)
armed               0x1               obj/NAZE/drv_px4flow.o (symbol from plugin)
fc_acc              0x4               obj/NAZE/imu.o (symbol from plugin)
EstG                0xc               obj/NAZE/imu.o (symbol from plugin)
heading             0x2               obj/NAZE/sensors.o (symbol from plugin)
useSmallAngle       0x1               obj/NAZE/drv_px4flow.o (symbol from plugin)

Discarded input sections

 .text          0x00000000        0x0 obj/NAZE/drv_adc.o (symbol from plugin)
 .text          0x00000000        0x0 /tmp/ccb50d1s.ltrans0.ltrans.o
 .data          0x00000000        0x0 /tmp/ccb50d1s.ltrans4.ltrans.o
 .data          0x00000000        0x0 /tmp/ccb50d1s.ltrans5.ltrans.o
 .data          0x00000000        0x0 /usr/local/lpcxpresso_7.6.2_326/lpcxpresso/tools/bin/../lib/gcc/arm-none-eabi/4.9.3/armv7-m/libgcc.a(_arm_addsubdf3.o)
 .bss           0x00000000        0x0 /usr/local/lpcxpresso_7.6.2_326/lpcxpresso/tools/bin/../lib/gcc/arm-none-eabi/4.9.3/armv7-m/libgcc.a(_arm_addsubdf3.o)
 .data          0x00000000        0x0 /usr/local/lpcxpresso_7.6.2_326/lpcxpresso/tools/bin/../lib/gcc/arm-none-eabi/4.9.3/armv7-m/libgcc.a(_arm_muldivdf3.o)
 .bss           0x00000000        0x0 /usr/local/lpcxpresso_7.6.2_326/lpcxpresso/tools/bin/../lib/gcc/arm-none-eabi/4.9.3/armv7-m/libgcc.a(_arm_muldivdf3.o)
 .data          0x00000000        0x0 /usr/local/lpcxpresso_7.6.2_326/lpcxpresso/tools/bin/../lib/gcc/arm-none-eabi/4.9.3/armv7-m/libgcc.a(_arm_truncdfsf2.o)
 .bss           0x00000000        0x0 /usr/local/lpcxpresso_7.6.2_326/lpcxpresso/tools/bin/../lib/gcc/arm-none-eabi/4.9.3/armv7-m/libgcc.a(_arm_truncdfsf2.o)
 .data          0x00000000        0x0 /usr/local/lpcxpresso_7.6.2_326/lpcxpresso/tools/bin/../lib/gcc/arm-none-eabi/4.9.3/armv7-m/libgcc.a(_arm_addsubsf3.o)
 .bss           0x00000000        0x0 /usr/local/lpcxpresso_7.6.2_326/lpcxpresso/tools/bin/../lib/gcc/arm-none-eabi/4.9.3/armv7-m/libgcc.a(_arm_addsubsf3.o)
 .data          0x00000000        0x0 /usr/local/lpcxpresso_7.6.2_326/lpcxpresso/tools/bin/../lib/gcc/arm-none-eabi/4.9.3/armv7-m/libgcc.a(_arm_muldivsf3.o)
 .bss           0x00000000        0x0 /usr/local/lpcxpresso_7.6.2_326/lpcxpresso/tools/bin/../lib/gcc/arm-none-eabi/4.9.3/armv7-m/libgcc.a(_arm_muldivsf3.o)
 .data          0x00000000        0x0 /usr/local/lpcxpresso_7.6.2_326/lpcxpresso/tools/bin/../lib/gcc/arm-none-eabi/4.9.3/armv7-m/libgcc.a(_arm_cmpsf2.o)
 .bss           0x00000000        0x0 /usr/local/lpcxpresso_7.6.2_326/lpcxpresso/tools/bin/../lib/gcc/arm-none-eabi/4.9.3/armv7-m/libgcc.a(_arm_cmpsf2.o)
 .data          0x00000000        0x0 /usr/local/lpcxpresso_7.6.2_326/lpcxpresso/tools/bin/../lib/gcc/arm-none-eabi/4.9.3/armv7-m/libgcc.a(_arm_fixsfsi.o)
 .bss           0x00000000        0x0 /usr/local/lpcxpresso_7.6.2_326/lpcxpresso/tools/bin/../lib/gcc/arm-none-eabi/4.9.3/armv7-m/libgcc.a(_arm_fixsfsi.o)
 .text          0x00000000        0x0 obj/NAZE/drv_mpu6050.o (symbol from plugin)
 .text          0x00000000        0x0 obj/NAZE/drv_pwm.o (symbol from plugin)
 .text          0x00000000        0x0 obj/NAZE/drv_spi.o (symbol from plugin)
 .text          0x00000000        0x0 obj/NAZE/drv_timer.o (symbol from plugin)
 .text          0x00000000        0x0 obj/NAZE/drv_px4flow.o (symbol from plugin)
 .text          0x00000000        0x0 obj/NAZE/drv_lidarlite.o (symbol from plugin)
 .text          0x00000000        0x0 obj/NAZE/drv_mb1242.o (symbol from plugin)
 .text          0x00000000        0x0 obj/NAZE/telemetry_common.o (symbol from plugin)
 .text          0x00000000        0x0 obj/NAZE/imu.o (symbol from plugin)
 .text          0x00000000        0x0 obj/NAZE/main.o (symbol from plugin)
 .text          0x00000000        0x0 obj/NAZE/mixer.o (symbol from plugin)
 .text          0x00000000        0x0 obj/NAZE/mw.o (symbol from plugin)
 .text          0x00000000        0x0 obj/NAZE/sensors.o (symbol from plugin)
 .text          0x00000000        0x0 obj/NAZE/serial.o (symbol from plugin)
 .text          0x00000000        0x0 obj/NAZE/rxmsp.o (symbol from plugin)
 .text          0x00000000        0x0 obj/NAZE/drv_gpio.o (symbol from plugin)
 .text          0x00000000        0x0 obj/NAZE/drv_i2c.o (symbol from plugin)
 .text          0x00000000        0x0 obj/NAZE/drv_system.o (symbol from plugin)
 .text          0x00000000        0x0 obj/NAZE/drv_serial.o (symbol from plugin)
 .text          0x00000000        0x0 obj/NAZE/drv_uart.o (symbol from plugin)
 .text          0x00000000        0x0 obj/NAZE/printf.o (symbol from plugin)
 .text          0x00000000        0x0 obj/NAZE/utils.o (symbol from plugin)
 .text          0x00000000       0x14 obj/NAZE/startup_stm32f10x_md_gcc.o
 .data          0x00000000        0x0 obj/NAZE/startup_stm32f10x_md_gcc.o
 .bss           0x00000000        0x0 obj/NAZE/startup_stm32f10x_md_gcc.o
 .text          0x00000000        0x0 obj/NAZE/core_cm3.o (symbol from plugin)
 .text          0x00000000        0x0 obj/NAZE/system_stm32f10x.o (symbol from plugin)
 .text          0x00000000        0x0 obj/NAZE/misc.o (symbol from plugin)
 .text          0x00000000        0x0 obj/NAZE/stm32f10x_adc.o (symbol from plugin)
 .text          0x00000000        0x0 obj/NAZE/stm32f10x_bkp.o (symbol from plugin)
 .text          0x00000000        0x0 obj/NAZE/stm32f10x_can.o (symbol from plugin)
 .text          0x00000000        0x0 obj/NAZE/stm32f10x_cec.o (symbol from plugin)
 .text          0x00000000        0x0 obj/NAZE/stm32f10x_crc.o (symbol from plugin)
 .text          0x00000000        0x0 obj/NAZE/stm32f10x_dac.o (symbol from plugin)
 .text          0x00000000        0x0 obj/NAZE/stm32f10x_dbgmcu.o (symbol from plugin)
 .text          0x00000000        0x0 obj/NAZE/stm32f10x_dma.o (symbol from plugin)
 .text          0x00000000        0x0 obj/NAZE/stm32f10x_exti.o (symbol from plugin)
 .text          0x00000000        0x0 obj/NAZE/stm32f10x_flash.o (symbol from plugin)
 .text          0x00000000        0x0 obj/NAZE/stm32f10x_fsmc.o (symbol from plugin)
 .text          0x00000000        0x0 obj/NAZE/stm32f10x_gpio.o (symbol from plugin)
 .text          0x00000000        0x0 obj/NAZE/stm32f10x_i2c.o (symbol from plugin)
 .text          0x00000000        0x0 obj/NAZE/stm32f10x_iwdg.o (symbol from plugin)
 .text          0x00000000        0x0 obj/NAZE/stm32f10x_pwr.o (symbol from plugin)
 .text          0x00000000        0x0 obj/NAZE/stm32f10x_rcc.o (symbol from plugin)
 .text          0x00000000        0x0 obj/NAZE/stm32f10x_rtc.o (symbol from plugin)
 .text          0x00000000        0x0 obj/NAZE/stm32f10x_sdio.o (symbol from plugin)
 .text          0x00000000        0x0 obj/NAZE/stm32f10x_spi.o (symbol from plugin)
 .text          0x00000000        0x0 obj/NAZE/stm32f10x_tim.o (symbol from plugin)
 .text          0x00000000        0x0 obj/NAZE/stm32f10x_usart.o (symbol from plugin)
 .text          0x00000000        0x0 obj/NAZE/stm32f10x_wwdg.o (symbol from plugin)
 .text          0x00000000        0x0 /usr/local/lpcxpresso_7.6.2_326/lpcxpresso/tools/bin/../lib/gcc/arm-none-eabi/4.9.3/../../../../arm-none-eabi/lib/armv7-m/libm.a(lib_a-sf_cos.o)
 .data          0x00000000        0x0 /usr/local/lpcxpresso_7.6.2_326/lpcxpresso/tools/bin/../lib/gcc/arm-none-eabi/4.9.3/../../../../arm-none-eabi/lib/armv7-m/libm.a(lib_a-sf_cos.o)
 .bss           0x00000000        0x0 /usr/local/lpcxpresso_7.6.2_326/lpcxpresso/tools/bin/../lib/gcc/arm-none-eabi/4.9.3/../../../../arm-none-eabi/lib/armv7-m/libm.a(lib_a-sf_cos.o)
 .text          0x00000000        0x0 /usr/local/lpcxpresso_7.6.2_326/lpcxpresso/tools/bin/../lib/gcc/arm-none-eabi/4.9.3/../../../../arm-none-eabi/lib/armv7-m/libm.a(lib_a-sf_lrint.o)
 .data          0x00000000        0x0 /usr/local/lpcxpresso_7.6.2_326/lpcxpresso/tools/bin/../lib/gcc/arm-none-eabi/4.9.3/../../../../arm-none-eabi/lib/armv7-m/libm.a(lib_a-sf_lrint.o)
 .bss           0x00000000        0x0 /usr/local/lpcxpresso_7.6.2_326/lpcxpresso/tools/bin/../lib/gcc/arm-none-eabi/4.9.3/../../../../arm-none-eabi/lib/armv7-m/libm.a(lib_a-sf_lrint.o)
 .text          0x00000000        0x0 /usr/local/lpcxpresso_7.6.2_326/lpcxpresso/tools/bin/../lib/gcc/arm-none-eabi/4.9.3/../../../../arm-none-eabi/lib/armv7-m/libm.a(lib_a-sf_sin.o)
 .data          0x00000000        0x0 /usr/local/lpcxpresso_7.6.2_326/lpcxpresso/tools/bin/../lib/gcc/arm-none-eabi/4.9.3/../../../../arm-none-eabi/lib/armv7-m/libm.a(lib_a-sf_sin.o)
 .bss           0x00000000        0x0 /usr/local/lpcxpresso_7.6.2_326/lpcxpresso/tools/bin/../lib/gcc/arm-none-eabi/4.9.3/../../../../arm-none-eabi/lib/armv7-m/libm.a(lib_a-sf_sin.o)
 .text          0x00000000        0x0 /usr/local/lpcxpresso_7.6.2_326/lpcxpresso/tools/bin/../lib/gcc/arm-none-eabi/4.9.3/../../../../arm-none-eabi/lib/armv7-m/libm.a(lib_a-wf_atan2.o)
 .data          0x00000000        0x0 /usr/local/lpcxpresso_7.6.2_326/lpcxpresso/tools/bin/../lib/gcc/arm-none-eabi/4.9.3/../../../../arm-none-eabi/lib/armv7-m/libm.a(lib_a-wf_atan2.o)
 .bss           0x00000000        0x0 /usr/local/lpcxpresso_7.6.2_326/lpcxpresso/tools/bin/../lib/gcc/arm-none-eabi/4.9.3/../../../../arm-none-eabi/lib/armv7-m/libm.a(lib_a-wf_atan2.o)
 .text          0x00000000        0x0 /usr/local/lpcxpresso_7.6.2_326/lpcxpresso/tools/bin/../lib/gcc/arm-none-eabi/4.9.3/../../../../arm-none-eabi/lib/armv7-m/libm.a(lib_a-wf_sqrt.o)
 .data          0x00000000        0x0 /usr/local/lpcxpresso_7.6.2_326/lpcxpresso/tools/bin/../lib/gcc/arm-none-eabi/4.9.3/../../../../arm-none-eabi/lib/armv7-m/libm.a(lib_a-wf_sqrt.o)
 .bss           0x00000000        0x0 /usr/local/lpcxpresso_7.6.2_326/lpcxpresso/tools/bin/../lib/gcc/arm-none-eabi/4.9.3/../../../../arm-none-eabi/lib/armv7-m/libm.a(lib_a-wf_sqrt.o)
 .text          0x00000000        0x0 /usr/local/lpcxpresso_7.6.2_326/lpcxpresso/tools/bin/../lib/gcc/arm-none-eabi/4.9.3/../../../../arm-none-eabi/lib/armv7-m/libm.a(lib_a-ef_atan2.o)
 .data          0x00000000        0x0 /usr/local/lpcxpresso_7.6.2_326/lpcxpresso/tools/bin/../lib/gcc/arm-none-eabi/4.9.3/../../../../arm-none-eabi/lib/armv7-m/libm.a(lib_a-ef_atan2.o)
 .bss           0x00000000        0x0 /usr/local/lpcxpresso_7.6.2_326/lpcxpresso/tools/bin/../lib/gcc/arm-none-eabi/4.9.3/../../../../arm-none-eabi/lib/armv7-m/libm.a(lib_a-ef_atan2.o)
 .text          0x00000000        0x0 /usr/local/lpcxpresso_7.6.2_326/lpcxpresso/tools/bin/../lib/gcc/arm-none-eabi/4.9.3/../../../../arm-none-eabi/lib/armv7-m/libm.a(lib_a-ef_rem_pio2.o)
 .data          0x00000000        0x0 /usr/local/lpcxpresso_7.6.2_326/lpcxpresso/tools/bin/../lib/gcc/arm-none-eabi/4.9.3/../../../../arm-none-eabi/lib/armv7-m/libm.a(lib_a-ef_rem_pio2.o)
 .bss           0x00000000        0x0 /usr/local/lpcxpresso_7.6.2_326/lpcxpresso/tools/bin/../lib/gcc/arm-none-eabi/4.9.3/../../../../arm-none-eabi/lib/armv7-m/libm.a(lib_a-ef_rem_pio2.o)
 .text          0x00000000        0x0 /usr/local/lpcxpresso_7.6.2_326/lpcxpresso/tools/bin/../lib/gcc/arm-none-eabi/4.9.3/../../../../arm-none-eabi/lib/armv7-m/libm.a(lib_a-ef_sqrt.o)
 .data          0x00000000        0x0 /usr/local/lpcxpresso_7.6.2_326/lpcxpresso/tools/bin/../lib/gcc/arm-none-eabi/4.9.3/../../../../arm-none-eabi/lib/armv7-m/libm.a(lib_a-ef_sqrt.o)
 .bss           0x00000000        0x0 /usr/local/lpcxpresso_7.6.2_326/lpcxpresso/tools/bin/../lib/gcc/arm-none-eabi/4.9.3/../../../../arm-none-eabi/lib/armv7-m/libm.a(lib_a-ef_sqrt.o)
 .text          0x00000000        0x0 /usr/local/lpcxpresso_7.6.2_326/lpcxpresso/tools/bin/../lib/gcc/arm-none-eabi/4.9.3/../../../../arm-none-eabi/lib/armv7-m/libm.a(lib_a-kf_cos.o)
 .data          0x00000000        0x0 /usr/local/lpcxpresso_7.6.2_326/lpcxpresso/tools/bin/../lib/gcc/arm-none-eabi/4.9.3/../../../../arm-none-eabi/lib/armv7-m/libm.a(lib_a-kf_cos.o)
 .bss           0x00000000        0x0 /usr/local/lpcxpresso_7.6.2_326/lpcxpresso/tools/bin/../lib/gcc/arm-none-eabi/4.9.3/../../../../arm-none-eabi/lib/armv7-m/libm.a(lib_a-kf_cos.o)
 .text          0x00000000        0x0 /usr/local/lpcxpresso_7.6.2_326/lpcxpresso/tools/bin/../lib/gcc/arm-none-eabi/4.9.3/../../../../arm-none-eabi/lib/armv7-m/libm.a(lib_a-kf_rem_pio2.o)
 .data          0x00000000        0x0 /usr/local/lpcxpresso_7.6.2_326/lpcxpresso/tools/bin/../lib/gcc/arm-none-eabi/4.9.3/../../../../arm-none-eabi/lib/armv7-m/libm.a(lib_a-kf_rem_pio2.o)
 .bss           0x00000000        0x0 /usr/local/lpcxpresso_7.6.2_326/lpcxpresso/tools/bin/../lib/gcc/arm-none-eabi/4.9.3/../../../../arm-none-eabi/lib/armv7-m/libm.a(lib_a-kf_rem_pio2.o)
 .text          0x00000000        0x0 /usr/local/lpcxpresso_7.6.2_326/lpcxpresso/tools/bin/../lib/gcc/arm-none-eabi/4.9.3/../../../../arm-none-eabi/lib/armv7-m/libm.a(lib_a-kf_sin.o)
 .data          0x00000000        0x0 /usr/local/lpcxpresso_7.6.2_326/lpcxpresso/tools/bin/../lib/gcc/arm-none-eabi/4.9.3/../../../../arm-none-eabi/lib/armv7-m/libm.a(lib_a-kf_sin.o)
 .bss           0x00000000        0x0 /usr/local/lpcxpresso_7.6.2_326/lpcxpresso/tools/bin/../lib/gcc/arm-none-eabi/4.9.3/../../../../arm-none-eabi/lib/armv7-m/libm.a(lib_a-kf_sin.o)
 .text          0x00000000        0x0 /usr/local/lpcxpresso_7.6.2_326/lpcxpresso/tools/bin/../lib/gcc/arm-none-eabi/4.9.3/../../../../arm-none-eabi/lib/armv7-m/libm.a(lib_a-s_lib_ver.o)
 .data          0x00000000        0x0 /usr/local/lpcxpresso_7.6.2_326/lpcxpresso/tools/bin/../lib/gcc/arm-none-eabi/4.9.3/../../../../arm-none-eabi/lib/armv7-m/libm.a(lib_a-s_lib_ver.o)
 .bss           0x00000000        0x0 /usr/local/lpcxpresso_7.6.2_326/lpcxpresso/tools/bin/../lib/gcc/arm-none-eabi/4.9.3/../../../../arm-none-eabi/lib/armv7-m/libm.a(lib_a-s_lib_ver.o)
 .text          0x00000000        0x0 /usr/local/lpcxpresso_7.6.2_326/lpcxpresso/tools/bin/../lib/gcc/arm-none-eabi/4.9.3/../../../../arm-none-eabi/lib/armv7-m/libm.a(lib_a-s_matherr.o)
 .data          0x00000000        0x0 /usr/local/lpcxpresso_7.6.2_326/lpcxpresso/tools/bin/../lib/gcc/arm-none-eabi/4.9.3/../../../../arm-none-eabi/lib/armv7-m/libm.a(lib_a-s_matherr.o)
 .bss           0x00000000        0x0 /usr/local/lpcxpresso_7.6.2_326/lpcxpresso/tools/bin/../lib/gcc/arm-none-eabi/4.9.3/../../../../arm-none-eabi/lib/armv7-m/libm.a(lib_a-s_matherr.o)
 .text          0x00000000        0x0 /usr/local/lpcxpresso_7.6.2_326/lpcxpresso/tools/bin/../lib/gcc/arm-none-eabi/4.9.3/../../../../arm-none-eabi/lib/armv7-m/libm.a(lib_a-sf_atan.o)
 .data          0x00000000        0x0 /usr/local/lpcxpresso_7.6.2_326/lpcxpresso/tools/bin/../lib/gcc/arm-none-eabi/4.9.3/../../../../arm-none-eabi/lib/armv7-m/libm.a(lib_a-sf_atan.o)
 .bss           0x00000000        0x0 /usr/local/lpcxpresso_7.6.2_326/lpcxpresso/tools/bin/../lib/gcc/arm-none-eabi/4.9.3/../../../../arm-none-eabi/lib/armv7-m/libm.a(lib_a-sf_atan.o)
 .text          0x00000000        0x0 /usr/local/lpcxpresso_7.6.2_326/lpcxpresso/tools/bin/../lib/gcc/arm-none-eabi/4.9.3/../../../../arm-none-eabi/lib/armv7-m/libm.a(lib_a-sf_fabs.o)
 .data          0x00000000        0x0 /usr/local/lpcxpresso_7.6.2_326/lpcxpresso/tools/bin/../lib/gcc/arm-none-eabi/4.9.3/../../../../arm-none-eabi/lib/armv7-m/libm.a(lib_a-sf_fabs.o)
 .bss           0x00000000        0x0 /usr/local/lpcxpresso_7.6.2_326/lpcxpresso/tools/bin/../lib/gcc/arm-none-eabi/4.9.3/../../../../arm-none-eabi/lib/armv7-m/libm.a(lib_a-sf_fabs.o)
 .text          0x00000000        0x0 /usr/local/lpcxpresso_7.6.2_326/lpcxpresso/tools/bin/../lib/gcc/arm-none-eabi/4.9.3/../../../../arm-none-eabi/lib/armv7-m/libm.a(lib_a-sf_floor.o)
 .data          0x00000000        0x0 /usr/local/lpcxpresso_7.6.2_326/lpcxpresso/tools/bin/../lib/gcc/arm-none-eabi/4.9.3/../../../../arm-none-eabi/lib/armv7-m/libm.a(lib_a-sf_floor.o)
 .bss           0x00000000        0x0 /usr/local/lpcxpresso_7.6.2_326/lpcxpresso/tools/bin/../lib/gcc/arm-none-eabi/4.9.3/../../../../arm-none-eabi/lib/armv7-m/libm.a(lib_a-sf_floor.o)
 .text          0x00000000        0x0 /usr/local/lpcxpresso_7.6.2_326/lpcxpresso/tools/bin/../lib/gcc/arm-none-eabi/4.9.3/../../../../arm-none-eabi/lib/armv7-m/libm.a(lib_a-sf_fpclassify.o)
 .data          0x00000000        0x0 /usr/local/lpcxpresso_7.6.2_326/lpcxpresso/tools/bin/../lib/gcc/arm-none-eabi/4.9.3/../../../../arm-none-eabi/lib/armv7-m/libm.a(lib_a-sf_fpclassify.o)
 .bss           0x00000000        0x0 /usr/local/lpcxpresso_7.6.2_326/lpcxpresso/tools/bin/../lib/gcc/arm-none-eabi/4.9.3/../../../../arm-none-eabi/lib/armv7-m/libm.a(lib_a-sf_fpclassify.o)
 .text          0x00000000        0x0 /usr/local/lpcxpresso_7.6.2_326/lpcxpresso/tools/bin/../lib/gcc/arm-none-eabi/4.9.3/../../../../arm-none-eabi/lib/armv7-m/libm.a(lib_a-sf_scalbn.o)
 .data          0x00000000        0x0 /usr/local/lpcxpresso_7.6.2_326/lpcxpresso/tools/bin/../lib/gcc/arm-none-eabi/4.9.3/../../../../arm-none-eabi/lib/armv7-m/libm.a(lib_a-sf_scalbn.o)
 .bss           0x00000000        0x0 /usr/local/lpcxpresso_7.6.2_326/lpcxpresso/tools/bin/../lib/gcc/arm-none-eabi/4.9.3/../../../../arm-none-eabi/lib/armv7-m/libm.a(lib_a-sf_scalbn.o)
 .text          0x00000000        0x0 /usr/local/lpcxpresso_7.6.2_326/lpcxpresso/tools/bin/../lib/gcc/arm-none-eabi/4.9.3/../../../../arm-none-eabi/lib/armv7-m/libm.a(lib_a-sf_copysign.o)
 .data          0x00000000        0x0 /usr/local/lpcxpresso_7.6.2_326/lpcxpresso/tools/bin/../lib/gcc/arm-none-eabi/4.9.3/../../../../arm-none-eabi/lib/armv7-m/libm.a(lib_a-sf_copysign.o)
 .bss           0x00000000        0x0 /usr/local/lpcxpresso_7.6.2_326/lpcxpresso/tools/bin/../lib/gcc/arm-none-eabi/4.9.3/../../../../arm-none-eabi/lib/armv7-m/libm.a(lib_a-sf_copysign.o)
 .text          0x00000000        0x0 /usr/local/lpcxpresso_7.6.2_326/lpcxpresso/tools/bin/../lib/gcc/arm-none-eabi/4.9.3/../../../../arm-none-eabi/lib/armv7-m/libc_nano.a(lib_a-errno.o)
 .data          0x00000000        0x0 /usr/local/lpcxpresso_7.6.2_326/lpcxpresso/tools/bin/../lib/gcc/arm-none-eabi/4.9.3/../../../../arm-none-eabi/lib/armv7-m/libc_nano.a(lib_a-errno.o)
 .bss           0x00000000        0x0 /usr/local/lpcxpresso_7.6.2_326/lpcxpresso/tools/bin/../lib/gcc/arm-none-eabi/4.9.3/../../../../arm-none-eabi/lib/armv7-m/libc_nano.a(lib_a-errno.o)
 .text          0x00000000        0x0 /usr/local/lpcxpresso_7.6.2_326/lpcxpresso/tools/bin/../lib/gcc/arm-none-eabi/4.9.3/../../../../arm-none-eabi/lib/armv7-m/libc_nano.a(lib_a-impure.o)
 .data          0x00000000        0x0 /usr/local/lpcxpresso_7.6.2_326/lpcxpresso/tools/bin/../lib/gcc/arm-none-eabi/4.9.3/../../../../arm-none-eabi/lib/armv7-m/libc_nano.a(lib_a-impure.o)
 .bss           0x00000000        0x0 /usr/local/lpcxpresso_7.6.2_326/lpcxpresso/tools/bin/../lib/gcc/arm-none-eabi/4.9.3/../../../../arm-none-eabi/lib/armv7-m/libc_nano.a(lib_a-impure.o)
 .rodata._global_impure_ptr
                0x00000000        0x4 /usr/local/lpcxpresso_7.6.2_326/lpcxpresso/tools/bin/../lib/gcc/arm-none-eabi/4.9.3/../../../../arm-none-eabi/lib/armv7-m/libc_nano.a(lib_a-impure.o)

Memory Configuration

Name             Origin             Length             Attributes
FLASH            0x08000000         0x0001f800         xr
RAM              0x20000000         0x00005000         xrw
MEMORY_B1        0x60000000         0x00000000         xr
*default*        0x00000000         0xffffffff

Linker script and memory map

LOAD obj/NAZE/drv_adc.o
LOAD /tmp/ccb50d1s.ltrans0.ltrans.o
LOAD /tmp/ccb50d1s.ltrans1.ltrans.o
LOAD /tmp/ccb50d1s.ltrans2.ltrans.o
LOAD /tmp/ccb50d1s.ltrans3.ltrans.o
LOAD /tmp/ccb50d1s.ltrans4.ltrans.o
LOAD /tmp/ccb50d1s.ltrans5.ltrans.o
LOAD /usr/local/lpcxpresso_7.6.2_326/lpcxpresso/tools/bin/../lib/gcc/arm-none-eabi/4.9.3/armv7-m/libgcc.a
LOAD /usr/local/lpcxpresso_7.6.2_326/lpcxpresso/tools/bin/../lib/gcc/arm-none-eabi/4.9.3/../../../../arm-none-eabi/lib/armv7-m/libg_nano.a
LOAD /usr/local/lpcxpresso_7.6.2_326/lpcxpresso/tools/bin/../lib/gcc/arm-none-eabi/4.9.3/../../../../arm-none-eabi/lib/armv7-m/libc_nano.a
LOAD /usr/local/lpcxpresso_7.6.2_326/lpcxpresso/tools/bin/../lib/gcc/arm-none-eabi/4.9.3/armv7-m/libgcc.a
LOAD /usr/local/lpcxpresso_7.6.2_326/lpcxpresso/tools/bin/../lib/gcc/arm-none-eabi/4.9.3/../../../../arm-none-eabi/lib/armv7-m/libc_nano.a
LOAD obj/NAZE/drv_mpu6050.o
LOAD obj/NAZE/drv_pwm.o
LOAD obj/NAZE/drv_spi.o
LOAD obj/NAZE/drv_timer.o
LOAD obj/NAZE/drv_px4flow.o
LOAD obj/NAZE/drv_lidarlite.o
LOAD obj/NAZE/drv_mb1242.o
LOAD obj/NAZE/telemetry_common.o
LOAD obj/NAZE/imu.o
LOAD obj/NAZE/main.o
LOAD obj/NAZE/mixer.o
LOAD obj/NAZE/mw.o
LOAD obj/NAZE/sensors.o
LOAD obj/NAZE/serial.o
LOAD obj/NAZE/rxmsp.o
LOAD obj/NAZE/drv_gpio.o
LOAD obj/NAZE/drv_i2c.o
LOAD obj/NAZE/drv_system.o
LOAD obj/NAZE/drv_serial.o
LOAD obj/NAZE/drv_uart.o
LOAD obj/NAZE/printf.o
LOAD obj/NAZE/utils.o
LOAD obj/NAZE/startup_stm32f10x_md_gcc.o
LOAD obj/NAZE/core_cm3.o
LOAD obj/NAZE/system_stm32f10x.o
LOAD obj/NAZE/misc.o
LOAD obj/NAZE/stm32f10x_adc.o
LOAD obj/NAZE/stm32f10x_bkp.o
LOAD obj/NAZE/stm32f10x_can.o
LOAD obj/NAZE/stm32f10x_cec.o
LOAD obj/NAZE/stm32f10x_crc.o
LOAD obj/NAZE/stm32f10x_dac.o
LOAD obj/NAZE/stm32f10x_dbgmcu.o
LOAD obj/NAZE/stm32f10x_dma.o
LOAD obj/NAZE/stm32f10x_exti.o
LOAD obj/NAZE/stm32f10x_flash.o
LOAD obj/NAZE/stm32f10x_fsmc.o
LOAD obj/NAZE/stm32f10x_gpio.o
LOAD obj/NAZE/stm32f10x_i2c.o
LOAD obj/NAZE/stm32f10x_iwdg.o
LOAD obj/NAZE/stm32f10x_pwr.o
LOAD obj/NAZE/stm32f10x_rcc.o
LOAD obj/NAZE/stm32f10x_rtc.o
LOAD obj/NAZE/stm32f10x_sdio.o
LOAD obj/NAZE/stm32f10x_spi.o
LOAD obj/NAZE/stm32f10x_tim.o
LOAD obj/NAZE/stm32f10x_usart.o
LOAD obj/NAZE/stm32f10x_wwdg.o
LOAD /usr/local/lpcxpresso_7.6.2_326/lpcxpresso/tools/bin/../lib/gcc/arm-none-eabi/4.9.3/../../../../arm-none-eabi/lib/armv7-m/libm.a
LOAD /usr/local/lpcxpresso_7.6.2_326/lpcxpresso/tools/bin/../lib/gcc/arm-none-eabi/4.9.3/../../../../arm-none-eabi/lib/armv7-m/libc_nano.a
LOAD /usr/local/lpcxpresso_7.6.2_326/lpcxpresso/tools/bin/../lib/gcc/arm-none-eabi/4.9.3/../../../../arm-none-eabi/lib/armv7-m/libnosys.a
START GROUP
LOAD /usr/local/lpcxpresso_7.6.2_326/lpcxpresso/tools/bin/../lib/gcc/arm-none-eabi/4.9.3/armv7-m/libgcc.a
LOAD /usr/local/lpcxpresso_7.6.2_326/lpcxpresso/tools/bin/../lib/gcc/arm-none-eabi/4.9.3/../../../../arm-none-eabi/lib/armv7-m/libg_nano.a
LOAD /usr/local/lpcxpresso_7.6.2_326/lpcxpresso/tools/bin/../lib/gcc/arm-none-eabi/4.9.3/../../../../arm-none-eabi/lib/armv7-m/libc_nano.a
END GROUP
START GROUP
LOAD /usr/local/lpcxpresso_7.6.2_326/lpcxpresso/tools/bin/../lib/gcc/arm-none-eabi/4.9.3/armv7-m/libgcc.a
LOAD /usr/local/lpcxpresso_7.6.2_326/lpcxpresso/tools/bin/../lib/gcc/arm-none-eabi/4.9.3/../../../../arm-none-eabi/lib/armv7-m/libc_nano.a
END GROUP
                0x20005000                _estack = 0x20005000
                0x00000000                _Min_Heap_Size = 0x0
                0x00000400                _Min_Stack_Size = 0x400

.isr_vector     0x08000000      0x10c
                0x08000000                . = ALIGN (0x4)
 *(.isr_vector)
 .isr_vector    0x08000000      0x10c obj/NAZE/startup_stm32f10x_md_gcc.o
                0x08000000                g_pfnVectors
                0x0800010c                . = ALIGN (0x4)

.text           0x08000110     0x6104
                0x08000110                . = ALIGN (0x4)
 *(.text)
 .text          0x08000110      0x720 /tmp/ccb50d1s.ltrans1.ltrans.o
                0x080003b8                I2C2_EV_IRQHandler
                0x080003ba                I2C1_EV_IRQHandler
                0x080003bc                gpioInit
                0x08000420                i2cInit
                0x080006a4                I2C2_ER_IRQHandler
                0x080006a6                I2C1_ER_IRQHandler
                0x080006a8                i2cHandleHardwareFailure.lto_priv.66
                0x080006c4                i2cRead
                0x08000774                read16
                0x08000798                serialize8
                0x080007b8                headSerialResponse
                0x080007f4                headSerialReply
                0x080007fa                serialize32
                0x0800081c                serialize16
 .text          0x08000830      0x768 /tmp/ccb50d1s.ltrans2.ltrans.o
                0x08000830                _putc.lto_priv.81
                0x08000890                pwmWriteStandard.lto_priv.91
                0x080008f0                ppmCallback.lto_priv.89
                0x08000b40                pwmCallback.lto_priv.90
                0x08000bb4                mpuGyroInit.lto_priv.95
                0x08000bc0                mpuAccInit.lto_priv.93
                0x08000bcc                mpuGyroRead.lto_priv.96
                0x08000c34                mpuAccRead.lto_priv.94
                0x08000c88                rotateV
                0x08000df8                TIM4_IRQHandler
                0x08000e04                TIM3_IRQHandler
                0x08000e10                TIM2_IRQHandler
                0x08000e18                TIM1_CC_IRQHandler
                0x08000e24                spiTransferByte.part.1.lto_priv.105
                0x08000e4c                pwmInConfig.lto_priv.103
                0x08000f80                mpuWriteRegisterI2C.lto_priv.104
 .text          0x08000f98      0x674 /tmp/ccb50d1s.ltrans3.ltrans.o
                0x08000f98                TIM_GetCapture4
                0x08000fa0                TIM_GetCapture3
                0x08000fa6                TIM_GetCapture2
                0x08000fac                TIM_GetCapture1
                0x08000fb2                i2cWriteBuffer.constprop.52
                0x08001028                configTimeBase.constprop.41
                0x080010cc                applyDeadband.constprop.24
                0x080010ea                blinkLED.constprop.22
                0x08001124                tfp_printf.constprop.16
                0x08001310                RCC_GetClocksFreq
                0x080013a0                USART_Init
                0x0800144c                DMA_Init
                0x08001488                DMA_DeInit
                0x08001578                NVIC_Init.part.0.lto_priv.80
                0x080015c0                SystemInit
 .text          0x0800160c      0x3b4 /tmp/ccb50d1s.ltrans4.ltrans.o
                0x0800160c                uartRead
                0x0800163e                isUartTransmitBufferEmpty
                0x08001654                uartTotalBytesWaiting
                0x080016a0                uartWrite
                0x080016d4                uartSetMode
                0x080016d6                beepRev5.lto_priv.99
                0x080016ec                beepRev4.lto_priv.100
                0x08001700                uartSetBaudRate
                0x0800174e                alignSensors
                0x080017b8                putchw.lto_priv.69
                0x08001800                ui2a.lto_priv.68
                0x0800184e                uli2a.lto_priv.67
                0x0800189c                USART1_IRQHandler
                0x080018d4                DMA1_Channel4_IRQHandler
                0x08001904                systemBeep
                0x08001910                micros
                0x08001940                delayMicroseconds
                0x08001956                delay
                0x0800196a                failureMode
                0x080019b0                SysTick_Handler
 .text          0x080019c0      0x1e0 /tmp/ccb50d1s.ltrans5.ltrans.o
                0x080019c0                pidMultiWii.lto_priv.102
                0x08001b84                pwmReadRawRC
 .text          0x08001ba0      0x370 /usr/local/lpcxpresso_7.6.2_326/lpcxpresso/tools/bin/../lib/gcc/arm-none-eabi/4.9.3/armv7-m/libgcc.a(_arm_addsubdf3.o)
                0x08001ba0                __aeabi_drsub
                0x08001ba8                __aeabi_dsub
                0x08001ba8                __subdf3
                0x08001bac                __adddf3
                0x08001bac                __aeabi_dadd
                0x08001e24                __aeabi_ui2d
                0x08001e24                __floatunsidf
                0x08001e44                __floatsidf
                0x08001e44                __aeabi_i2d
                0x08001e68                __extendsfdf2
                0x08001e68                __aeabi_f2d
                0x08001ea4                __aeabi_ul2d
                0x08001ea4                __floatundidf
                0x08001eb4                __floatdidf
                0x08001eb4                __aeabi_l2d
 .text          0x08001f10      0x424 /usr/local/lpcxpresso_7.6.2_326/lpcxpresso/tools/bin/../lib/gcc/arm-none-eabi/4.9.3/armv7-m/libgcc.a(_arm_muldivdf3.o)
                0x08001f10                __aeabi_dmul
                0x08001f10                __muldf3
                0x08002164                __aeabi_ddiv
                0x08002164                __divdf3
 .text          0x08002334       0xa0 /usr/local/lpcxpresso_7.6.2_326/lpcxpresso/tools/bin/../lib/gcc/arm-none-eabi/4.9.3/armv7-m/libgcc.a(_arm_truncdfsf2.o)
                0x08002334                __aeabi_d2f
                0x08002334                __truncdfsf2
 .text          0x080023d4      0x21c /usr/local/lpcxpresso_7.6.2_326/lpcxpresso/tools/bin/../lib/gcc/arm-none-eabi/4.9.3/armv7-m/libgcc.a(_arm_addsubsf3.o)
                0x080023d4                __aeabi_frsub
                0x080023dc                __subsf3
                0x080023dc                __aeabi_fsub
                0x080023e0                __aeabi_fadd
                0x080023e0                __addsf3
                0x08002540                __aeabi_ui2f
                0x08002540                __floatunsisf
                0x08002548                __aeabi_i2f
                0x08002548                __floatsisf
                0x08002564                __floatundisf
                0x08002564                __aeabi_ul2f
                0x08002574                __floatdisf
                0x08002574                __aeabi_l2f
 .text          0x080025f0      0x2a0 /usr/local/lpcxpresso_7.6.2_326/lpcxpresso/tools/bin/../lib/gcc/arm-none-eabi/4.9.3/armv7-m/libgcc.a(_arm_muldivsf3.o)
                0x080025f0                __mulsf3
                0x080025f0                __aeabi_fmul
                0x08002758                __divsf3
                0x08002758                __aeabi_fdiv
 .text          0x08002890       0xec /usr/local/lpcxpresso_7.6.2_326/lpcxpresso/tools/bin/../lib/gcc/arm-none-eabi/4.9.3/armv7-m/libgcc.a(_arm_cmpsf2.o)
                0x08002890                __gtsf2
                0x08002890                __gesf2
                0x08002898                __lesf2
                0x08002898                __ltsf2
                0x080028a0                __nesf2
                0x080028a0                __eqsf2
                0x080028a0                __cmpsf2
                0x08002900                __aeabi_cfrcmple
                0x08002908                __aeabi_cfcmple
                0x08002908                __aeabi_cfcmpeq
                0x08002918                __aeabi_fcmpeq
                0x0800292c                __aeabi_fcmplt
                0x08002940                __aeabi_fcmple
                0x08002954                __aeabi_fcmpge
                0x08002968                __aeabi_fcmpgt
 .text          0x0800297c       0x4c /usr/local/lpcxpresso_7.6.2_326/lpcxpresso/tools/bin/../lib/gcc/arm-none-eabi/4.9.3/armv7-m/libgcc.a(_arm_fixsfsi.o)
                0x0800297c                __fixsfsi
                0x0800297c                __aeabi_f2iz
 *(.text*)
 .text.startup  0x080029c8     0x1e60 /tmp/ccb50d1s.ltrans0.ltrans.o
                0x080029c8                main
 .text.Reset_Handler
                0x08004828       0xa0 obj/NAZE/startup_stm32f10x_md_gcc.o
                0x08004828                Reset_Handler
 .text.Default_Handler
                0x080048c8        0x2 obj/NAZE/startup_stm32f10x_md_gcc.o
                0x080048c8                EXTI2_IRQHandler
                0x080048c8                DebugMon_Handler
                0x080048c8                HardFault_Handler
                0x080048c8                PVD_IRQHandler
                0x080048c8                PendSV_Handler
                0x080048c8                NMI_Handler
                0x080048c8                EXTI3_IRQHandler
                0x080048c8                EXTI0_IRQHandler
                0x080048c8                UsageFault_Handler
                0x080048c8                ADC1_2_IRQHandler
                0x080048c8                SPI1_IRQHandler
                0x080048c8                TAMPER_IRQHandler
                0x080048c8                USART3_IRQHandler
                0x080048c8                RTC_IRQHandler
                0x080048c8                DMA1_Channel7_IRQHandler
                0x080048c8                CAN1_RX1_IRQHandler
                0x080048c8                DMA1_Channel6_IRQHandler
                0x080048c8                RCC_IRQHandler
                0x080048c8                TIM1_TRG_COM_IRQHandler
                0x080048c8                DMA1_Channel1_IRQHandler
                0x080048c8                Default_Handler
                0x080048c8                EXTI15_10_IRQHandler
                0x080048c8                EXTI9_5_IRQHandler
                0x080048c8                SPI2_IRQHandler
                0x080048c8                MemManage_Handler
                0x080048c8                SVC_Handler
                0x080048c8                DMA1_Channel5_IRQHandler
                0x080048c8                EXTI4_IRQHandler
                0x080048c8                USB_LP_CAN1_RX0_IRQHandler
                0x080048c8                USB_HP_CAN1_TX_IRQHandler
                0x080048c8                DMA1_Channel3_IRQHandler
                0x080048c8                TIM1_UP_IRQHandler
                0x080048c8                WWDG_IRQHandler
                0x080048c8                TIM1_BRK_IRQHandler
                0x080048c8                EXTI1_IRQHandler
                0x080048c8                RTCAlarm_IRQHandler
                0x080048c8                USART2_IRQHandler
                0x080048c8                DMA1_Channel2_IRQHandler
                0x080048c8                CAN1_SCE_IRQHandler
                0x080048c8                FLASH_IRQHandler
                0x080048c8                BusFault_Handler
                0x080048c8                USBWakeUp_IRQHandler
 *fill*         0x080048ca        0x2 
 .text.cosf     0x080048cc       0x6c /usr/local/lpcxpresso_7.6.2_326/lpcxpresso/tools/bin/../lib/gcc/arm-none-eabi/4.9.3/../../../../arm-none-eabi/lib/armv7-m/libm.a(lib_a-sf_cos.o)
                0x080048cc                cosf
 .text.lrintf   0x08004938       0x78 /usr/local/lpcxpresso_7.6.2_326/lpcxpresso/tools/bin/../lib/gcc/arm-none-eabi/4.9.3/../../../../arm-none-eabi/lib/armv7-m/libm.a(lib_a-sf_lrint.o)
                0x08004938                lrintf
 .text.sinf     0x080049b0       0x7c /usr/local/lpcxpresso_7.6.2_326/lpcxpresso/tools/bin/../lib/gcc/arm-none-eabi/4.9.3/../../../../arm-none-eabi/lib/armv7-m/libm.a(lib_a-sf_sin.o)
                0x080049b0                sinf
 .text.atan2f   0x08004a2c        0x4 /usr/local/lpcxpresso_7.6.2_326/lpcxpresso/tools/bin/../lib/gcc/arm-none-eabi/4.9.3/../../../../arm-none-eabi/lib/armv7-m/libm.a(lib_a-wf_atan2.o)
                0x08004a2c                atan2f
 .text.sqrtf    0x08004a30       0x9c /usr/local/lpcxpresso_7.6.2_326/lpcxpresso/tools/bin/../lib/gcc/arm-none-eabi/4.9.3/../../../../arm-none-eabi/lib/armv7-m/libm.a(lib_a-wf_sqrt.o)
                0x08004a30                sqrtf
 .text.__ieee754_atan2f
                0x08004acc      0x120 /usr/local/lpcxpresso_7.6.2_326/lpcxpresso/tools/bin/../lib/gcc/arm-none-eabi/4.9.3/../../../../arm-none-eabi/lib/armv7-m/libm.a(lib_a-ef_atan2.o)
                0x08004acc                __ieee754_atan2f
 .text.__ieee754_rem_pio2f
                0x08004bec      0x2e4 /usr/local/lpcxpresso_7.6.2_326/lpcxpresso/tools/bin/../lib/gcc/arm-none-eabi/4.9.3/../../../../arm-none-eabi/lib/armv7-m/libm.a(lib_a-ef_rem_pio2.o)
                0x08004bec                __ieee754_rem_pio2f
 .text.__ieee754_sqrtf
                0x08004ed0       0xa8 /usr/local/lpcxpresso_7.6.2_326/lpcxpresso/tools/bin/../lib/gcc/arm-none-eabi/4.9.3/../../../../arm-none-eabi/lib/armv7-m/libm.a(lib_a-ef_sqrt.o)
                0x08004ed0                __ieee754_sqrtf
 .text.__kernel_cosf
                0x08004f78      0x188 /usr/local/lpcxpresso_7.6.2_326/lpcxpresso/tools/bin/../lib/gcc/arm-none-eabi/4.9.3/../../../../arm-none-eabi/lib/armv7-m/libm.a(lib_a-kf_cos.o)
                0x08004f78                __kernel_cosf
 .text.__kernel_rem_pio2f
                0x08005100      0x674 /usr/local/lpcxpresso_7.6.2_326/lpcxpresso/tools/bin/../lib/gcc/arm-none-eabi/4.9.3/../../../../arm-none-eabi/lib/armv7-m/libm.a(lib_a-kf_rem_pio2.o)
                0x08005100                __kernel_rem_pio2f
 .text.__kernel_sinf
                0x08005774       0xec /usr/local/lpcxpresso_7.6.2_326/lpcxpresso/tools/bin/../lib/gcc/arm-none-eabi/4.9.3/../../../../arm-none-eabi/lib/armv7-m/libm.a(lib_a-kf_sin.o)
                0x08005774                __kernel_sinf
 .text.matherr  0x08005860        0x4 /usr/local/lpcxpresso_7.6.2_326/lpcxpresso/tools/bin/../lib/gcc/arm-none-eabi/4.9.3/../../../../arm-none-eabi/lib/armv7-m/libm.a(lib_a-s_matherr.o)
                0x08005860                matherr
 .text.atanf    0x08005864      0x22c /usr/local/lpcxpresso_7.6.2_326/lpcxpresso/tools/bin/../lib/gcc/arm-none-eabi/4.9.3/../../../../arm-none-eabi/lib/armv7-m/libm.a(lib_a-sf_atan.o)
                0x08005864                atanf
 .text.fabsf    0x08005a90        0x8 /usr/local/lpcxpresso_7.6.2_326/lpcxpresso/tools/bin/../lib/gcc/arm-none-eabi/4.9.3/../../../../arm-none-eabi/lib/armv7-m/libm.a(lib_a-sf_fabs.o)
                0x08005a90                fabsf
 .text.floorf   0x08005a98       0x8c /usr/local/lpcxpresso_7.6.2_326/lpcxpresso/tools/bin/../lib/gcc/arm-none-eabi/4.9.3/../../../../arm-none-eabi/lib/armv7-m/libm.a(lib_a-sf_floor.o)
                0x08005a98                floorf
 .text.__fpclassifyf
                0x08005b24       0x34 /usr/local/lpcxpresso_7.6.2_326/lpcxpresso/tools/bin/../lib/gcc/arm-none-eabi/4.9.3/../../../../arm-none-eabi/lib/armv7-m/libm.a(lib_a-sf_fpclassify.o)
                0x08005b24                __fpclassifyf
 .text.scalbnf  0x08005b58       0xb0 /usr/local/lpcxpresso_7.6.2_326/lpcxpresso/tools/bin/../lib/gcc/arm-none-eabi/4.9.3/../../../../arm-none-eabi/lib/armv7-m/libm.a(lib_a-sf_scalbn.o)
                0x08005b58                scalbnf
 .text.copysignf
                0x08005c08        0xc /usr/local/lpcxpresso_7.6.2_326/lpcxpresso/tools/bin/../lib/gcc/arm-none-eabi/4.9.3/../../../../arm-none-eabi/lib/armv7-m/libm.a(lib_a-sf_copysign.o)
                0x08005c08                copysignf
 .text.__errno  0x08005c14        0xc /usr/local/lpcxpresso_7.6.2_326/lpcxpresso/tools/bin/../lib/gcc/arm-none-eabi/4.9.3/../../../../arm-none-eabi/lib/armv7-m/libc_nano.a(lib_a-errno.o)
                0x08005c14                __errno
 *(.rodata)
 .rodata        0x08005c20       0x8c /tmp/ccb50d1s.ltrans0.ltrans.o
 .rodata        0x08005cac       0x28 /tmp/ccb50d1s.ltrans1.ltrans.o
 .rodata        0x08005cd4       0x20 /tmp/ccb50d1s.ltrans2.ltrans.o
 .rodata        0x08005cf4       0x2c /tmp/ccb50d1s.ltrans5.ltrans.o
                0x08005cf8                CONFIG_AXIS_P.lto_priv.84
                0x08005cfb                CONFIG_AXIS_I.lto_priv.85
 *(.rodata*)
 .rodata.timerHardware
                0x08005d20       0xe0 /tmp/ccb50d1s.ltrans0.ltrans.o
                0x08005d20                timerHardware
 .rodata.str1.1
                0x08005e00       0x10 /tmp/ccb50d1s.ltrans0.ltrans.o
 .rodata.str1.1
                0x00000000        0x4 /tmp/ccb50d1s.ltrans3.ltrans.o
 .rodata.TWO23  0x08005e10        0x8 /usr/local/lpcxpresso_7.6.2_326/lpcxpresso/tools/bin/../lib/gcc/arm-none-eabi/4.9.3/../../../../arm-none-eabi/lib/armv7-m/libm.a(lib_a-sf_lrint.o)
 .rodata.str1.4
                0x08005e18        0x8 /usr/local/lpcxpresso_7.6.2_326/lpcxpresso/tools/bin/../lib/gcc/arm-none-eabi/4.9.3/../../../../arm-none-eabi/lib/armv7-m/libm.a(lib_a-wf_sqrt.o)
 .rodata.npio2_hw
                0x08005e20       0x80 /usr/local/lpcxpresso_7.6.2_326/lpcxpresso/tools/bin/../lib/gcc/arm-none-eabi/4.9.3/../../../../arm-none-eabi/lib/armv7-m/libm.a(lib_a-ef_rem_pio2.o)
 .rodata.two_over_pi
                0x08005ea0      0x318 /usr/local/lpcxpresso_7.6.2_326/lpcxpresso/tools/bin/../lib/gcc/arm-none-eabi/4.9.3/../../../../arm-none-eabi/lib/armv7-m/libm.a(lib_a-ef_rem_pio2.o)
 .rodata.init_jk
                0x080061b8        0xc /usr/local/lpcxpresso_7.6.2_326/lpcxpresso/tools/bin/../lib/gcc/arm-none-eabi/4.9.3/../../../../arm-none-eabi/lib/armv7-m/libm.a(lib_a-kf_rem_pio2.o)
 .rodata.PIo2   0x080061c4       0x2c /usr/local/lpcxpresso_7.6.2_326/lpcxpresso/tools/bin/../lib/gcc/arm-none-eabi/4.9.3/../../../../arm-none-eabi/lib/armv7-m/libm.a(lib_a-kf_rem_pio2.o)
 .rodata.atanlo
                0x080061f0       0x10 /usr/local/lpcxpresso_7.6.2_326/lpcxpresso/tools/bin/../lib/gcc/arm-none-eabi/4.9.3/../../../../arm-none-eabi/lib/armv7-m/libm.a(lib_a-sf_atan.o)
 .rodata.atanhi
                0x08006200       0x10 /usr/local/lpcxpresso_7.6.2_326/lpcxpresso/tools/bin/../lib/gcc/arm-none-eabi/4.9.3/../../../../arm-none-eabi/lib/armv7-m/libm.a(lib_a-sf_atan.o)
 .rodata.str1.1
                0x08006210        0x2 /usr/local/lpcxpresso_7.6.2_326/lpcxpresso/tools/bin/../lib/gcc/arm-none-eabi/4.9.3/../../../../arm-none-eabi/lib/armv7-m/libc_nano.a(lib_a-impure.o)
 *(.glue_7)
 .glue_7        0x00000000        0x0 linker stubs
 *(.glue_7t)
 .glue_7t       0x00000000        0x0 linker stubs
 *(.eh_frame)
 *(.init)
 *(.fini)
                0x08006214                . = ALIGN (0x4)
 *fill*         0x08006212        0x2 
                0x08006214                _etext = .

.vfp11_veneer   0x08006214        0x0
 .vfp11_veneer  0x00000000        0x0 linker stubs

.v4_bx          0x08006214        0x0
 .v4_bx         0x00000000        0x0 linker stubs

.iplt           0x08006214        0x0
 .iplt          0x00000000        0x0 obj/NAZE/startup_stm32f10x_md_gcc.o

.rel.dyn        0x08006214        0x0
 .rel.iplt      0x00000000        0x0 obj/NAZE/startup_stm32f10x_md_gcc.o

.ARM.extab
 *(.ARM.extab* .gnu.linkonce.armextab.*)

.ARM            0x08006214        0x0
                0x08006214                __exidx_start = .
 *(.ARM.exidx*)
                0x08006214                __exidx_end = .

.preinit_array  0x08006214        0x0
                0x08006214                PROVIDE (__preinit_array_start, .)
 *(.preinit_array*)
                0x08006214                PROVIDE (__preinit_array_end, .)

.init_array     0x08006214        0x0
                0x08006214                PROVIDE (__init_array_start, .)
 *(SORT(.init_array.*))
 *(.init_array*)
                0x08006214                PROVIDE (__init_array_end, .)

.fini_array     0x08006214        0x0
                0x08006214                PROVIDE (__fini_array_start, .)
 *(.fini_array*)
 *(SORT(.fini_array.*))
                0x08006214                PROVIDE (__fini_array_end, .)
                0x08006214                _sidata = .

.data           0x20000000       0xb0 load address 0x08006214
                0x20000000                . = ALIGN (0x4)
                0x20000000                _sdata = .
 *(.data)
 .data          0x20000000       0x24 /tmp/ccb50d1s.ltrans0.ltrans.o
                0x20000014                failsafeThreshold.lto_priv.109
 .data          0x20000024        0x4 /tmp/ccb50d1s.ltrans1.ltrans.o
                0x20000024                currentPortState.lto_priv.87
 .data          0x20000028        0x2 /tmp/ccb50d1s.ltrans2.ltrans.o
 *fill*         0x2000002a        0x2 
 .data          0x2000002c       0x18 /tmp/ccb50d1s.ltrans3.ltrans.o
                0x2000002c                hse_value
 *(.data*)
 .data.SystemCoreClock
                0x20000044        0x4 /tmp/ccb50d1s.ltrans3.ltrans.o
                0x20000044                SystemCoreClock
 .data.__fdlib_version
                0x20000048        0x1 /usr/local/lpcxpresso_7.6.2_326/lpcxpresso/tools/bin/../lib/gcc/arm-none-eabi/4.9.3/../../../../arm-none-eabi/lib/armv7-m/libm.a(lib_a-s_lib_ver.o)
                0x20000048                __fdlib_version
 *fill*         0x20000049        0x3 
 .data.impure_data
                0x2000004c       0x60 /usr/local/lpcxpresso_7.6.2_326/lpcxpresso/tools/bin/../lib/gcc/arm-none-eabi/4.9.3/../../../../arm-none-eabi/lib/armv7-m/libc_nano.a(lib_a-impure.o)
 .data._impure_ptr
                0x200000ac        0x4 /usr/local/lpcxpresso_7.6.2_326/lpcxpresso/tools/bin/../lib/gcc/arm-none-eabi/4.9.3/../../../../arm-none-eabi/lib/armv7-m/libc_nano.a(lib_a-impure.o)
                0x200000ac                _impure_ptr
                0x200000b0                . = ALIGN (0x4)
                0x200000b0                _edata = .

.igot.plt       0x200000b0        0x0 load address 0x080062c4
 .igot.plt      0x00000000        0x0 obj/NAZE/startup_stm32f10x_md_gcc.o
                0x200000b0                . = ALIGN (0x4)

.bss            0x200000b0      0x8ac load address 0x080062c4
                0x200000b0                _sbss = .
                0x200000b0                __bss_start__ = _sbss
 *(.bss)
 .bss           0x200000b0      0x584 /tmp/ccb50d1s.ltrans0.ltrans.o
                0x20000364                pwmFilter.lto_priv.110
                0x20000370                pwmPorts.lto_priv.107
                0x200004c0                motors.lto_priv.106
                0x20000552                failsafeCnt
 .bss           0x20000634      0x120 /tmp/ccb50d1s.ltrans1.ltrans.o
                0x20000638                i2cErrorCount.lto_priv.88
                0x2000063c                ports.lto_priv.86
 .bss           0x20000754      0x108 /tmp/ccb50d1s.ltrans2.ltrans.o
 .bss           0x2000085c       0x34 /tmp/ccb50d1s.ltrans3.ltrans.o
                0x2000085c                addr.lto_priv.74
                0x2000085d                reg.lto_priv.72
                0x2000085e                writing.lto_priv.76
                0x2000085f                reading.lto_priv.71
                0x20000860                write_p.lto_priv.77
                0x20000864                read_p.lto_priv.75
                0x20000868                bytes.lto_priv.73
                0x20000869                busy.lto_priv.78
                0x2000086a                error.lto_priv.79
                0x2000086c                I2Cx.lto_priv.70
                0x20000870                stdout_putp.lto_priv.98
                0x20000874                stdout_putf.lto_priv.97
                0x20000878                core
 .bss           0x20000890       0x54 /tmp/ccb50d1s.ltrans4.ltrans.o
                0x20000890                uartPort1.lto_priv.92
                0x200008e0                usTicks.lto_priv.101
 .bss           0x200008e4       0x64 /tmp/ccb50d1s.ltrans5.ltrans.o
                0x200008e4                rcCommand
                0x200008ec                errorGyroI.lto_priv.82
                0x200008f8                angle
                0x200008fc                errorAngleI.lto_priv.83
                0x20000904                gyroData
                0x2000090a                dynP8
                0x2000092c                axisPID
                0x20000932                dynD8
                0x20000936                captures.lto_priv.108
 *(.bss*)
 .bss.currentTime
                0x20000948        0x4 /tmp/ccb50d1s.ltrans0.ltrans.o
 .bss.hw_revision
                0x2000094c        0x4 /tmp/ccb50d1s.ltrans0.ltrans.o
 .bss.calibratingA
                0x20000950        0x2 /tmp/ccb50d1s.ltrans0.ltrans.o
 *fill*         0x20000952        0x2 
 .bss.accTimeSum
                0x20000954        0x4 /tmp/ccb50d1s.ltrans0.ltrans.o
 .bss.systemBeepPtr
                0x20000958        0x4 /tmp/ccb50d1s.ltrans4.ltrans.o
                0x20000958                systemBeepPtr
 *(COMMON)
                0x2000095c                . = ALIGN (0x4)
                0x2000095c                _ebss = .
                0x2000095c                __bss_end__ = _ebss

._user_heap_stack
                0x2000095c      0x400 load address 0x080062c4
                0x2000095c                . = ALIGN (0x4)
                0x2000095c                PROVIDE (end, .)
                0x2000095c                PROVIDE (_end, .)
                0x2000095c                . = (. + _Min_Heap_Size)
                0x20000d5c                . = (. + _Min_Stack_Size)
 *fill*         0x2000095c      0x400 
                0x20000d5c                . = ALIGN (0x4)

.memory_b1_text
 *(.mb1text)
 *(.mb1text*)
 *(.mb1rodata)
 *(.mb1rodata*)

/DISCARD/
 libc.a(*)
 libm.a(*)
 libgcc.a(*)

.ARM.attributes
                0x00000000       0x31
 *(.ARM.attributes)
 .ARM.attributes
                0x00000000       0x31 /tmp/ccb50d1s.ltrans0.ltrans.o
 .ARM.attributes
                0x00000031       0x31 /tmp/ccb50d1s.ltrans1.ltrans.o
 .ARM.attributes
                0x00000062       0x31 /tmp/ccb50d1s.ltrans2.ltrans.o
 .ARM.attributes
                0x00000093       0x31 /tmp/ccb50d1s.ltrans3.ltrans.o
 .ARM.attributes
                0x000000c4       0x31 /tmp/ccb50d1s.ltrans4.ltrans.o
 .ARM.attributes
                0x000000f5       0x31 /tmp/ccb50d1s.ltrans5.ltrans.o
 .ARM.attributes
                0x00000126       0x1d /usr/local/lpcxpresso_7.6.2_326/lpcxpresso/tools/bin/../lib/gcc/arm-none-eabi/4.9.3/armv7-m/libgcc.a(_arm_addsubdf3.o)
 .ARM.attributes
                0x00000143       0x1d /usr/local/lpcxpresso_7.6.2_326/lpcxpresso/tools/bin/../lib/gcc/arm-none-eabi/4.9.3/armv7-m/libgcc.a(_arm_muldivdf3.o)
 .ARM.attributes
                0x00000160       0x1d /usr/local/lpcxpresso_7.6.2_326/lpcxpresso/tools/bin/../lib/gcc/arm-none-eabi/4.9.3/armv7-m/libgcc.a(_arm_truncdfsf2.o)
 .ARM.attributes
                0x0000017d       0x1d /usr/local/lpcxpresso_7.6.2_326/lpcxpresso/tools/bin/../lib/gcc/arm-none-eabi/4.9.3/armv7-m/libgcc.a(_arm_addsubsf3.o)
 .ARM.attributes
                0x0000019a       0x1d /usr/local/lpcxpresso_7.6.2_326/lpcxpresso/tools/bin/../lib/gcc/arm-none-eabi/4.9.3/armv7-m/libgcc.a(_arm_muldivsf3.o)
 .ARM.attributes
                0x000001b7       0x1d /usr/local/lpcxpresso_7.6.2_326/lpcxpresso/tools/bin/../lib/gcc/arm-none-eabi/4.9.3/armv7-m/libgcc.a(_arm_cmpsf2.o)
 .ARM.attributes
                0x000001d4       0x1d /usr/local/lpcxpresso_7.6.2_326/lpcxpresso/tools/bin/../lib/gcc/arm-none-eabi/4.9.3/armv7-m/libgcc.a(_arm_fixsfsi.o)
 .ARM.attributes
                0x000001f1       0x21 obj/NAZE/startup_stm32f10x_md_gcc.o
 .ARM.attributes
                0x00000212       0x2d /usr/local/lpcxpresso_7.6.2_326/lpcxpresso/tools/bin/../lib/gcc/arm-none-eabi/4.9.3/../../../../arm-none-eabi/lib/armv7-m/libm.a(lib_a-sf_cos.o)
 .ARM.attributes
                0x0000023f       0x2d /usr/local/lpcxpresso_7.6.2_326/lpcxpresso/tools/bin/../lib/gcc/arm-none-eabi/4.9.3/../../../../arm-none-eabi/lib/armv7-m/libm.a(lib_a-sf_lrint.o)
 .ARM.attributes
                0x0000026c       0x2d /usr/local/lpcxpresso_7.6.2_326/lpcxpresso/tools/bin/../lib/gcc/arm-none-eabi/4.9.3/../../../../arm-none-eabi/lib/armv7-m/libm.a(lib_a-sf_sin.o)
 .ARM.attributes
                0x00000299       0x2d /usr/local/lpcxpresso_7.6.2_326/lpcxpresso/tools/bin/../lib/gcc/arm-none-eabi/4.9.3/../../../../arm-none-eabi/lib/armv7-m/libm.a(lib_a-wf_atan2.o)
 .ARM.attributes
                0x000002c6       0x2d /usr/local/lpcxpresso_7.6.2_326/lpcxpresso/tools/bin/../lib/gcc/arm-none-eabi/4.9.3/../../../../arm-none-eabi/lib/armv7-m/libm.a(lib_a-wf_sqrt.o)
 .ARM.attributes
                0x000002f3       0x2d /usr/local/lpcxpresso_7.6.2_326/lpcxpresso/tools/bin/../lib/gcc/arm-none-eabi/4.9.3/../../../../arm-none-eabi/lib/armv7-m/libm.a(lib_a-ef_atan2.o)
 .ARM.attributes
                0x00000320       0x2d /usr/local/lpcxpresso_7.6.2_326/lpcxpresso/tools/bin/../lib/gcc/arm-none-eabi/4.9.3/../../../../arm-none-eabi/lib/armv7-m/libm.a(lib_a-ef_rem_pio2.o)
 .ARM.attributes
                0x0000034d       0x2d /usr/local/lpcxpresso_7.6.2_326/lpcxpresso/tools/bin/../lib/gcc/arm-none-eabi/4.9.3/../../../../arm-none-eabi/lib/armv7-m/libm.a(lib_a-ef_sqrt.o)
 .ARM.attributes
                0x0000037a       0x2d /usr/local/lpcxpresso_7.6.2_326/lpcxpresso/tools/bin/../lib/gcc/arm-none-eabi/4.9.3/../../../../arm-none-eabi/lib/armv7-m/libm.a(lib_a-kf_cos.o)
 .ARM.attributes
                0x000003a7       0x2d /usr/local/lpcxpresso_7.6.2_326/lpcxpresso/tools/bin/../lib/gcc/arm-none-eabi/4.9.3/../../../../arm-none-eabi/lib/armv7-m/libm.a(lib_a-kf_rem_pio2.o)
 .ARM.attributes
                0x000003d4       0x2d /usr/local/lpcxpresso_7.6.2_326/lpcxpresso/tools/bin/../lib/gcc/arm-none-eabi/4.9.3/../../../../arm-none-eabi/lib/armv7-m/libm.a(lib_a-kf_sin.o)
 .ARM.attributes
                0x00000401       0x2d /usr/local/lpcxpresso_7.6.2_326/lpcxpresso/tools/bin/../lib/gcc/arm-none-eabi/4.9.3/../../../../arm-none-eabi/lib/armv7-m/libm.a(lib_a-s_lib_ver.o)
 .ARM.attributes
                0x0000042e       0x2d /usr/local/lpcxpresso_7.6.2_326/lpcxpresso/tools/bin/../lib/gcc/arm-none-eabi/4.9.3/../../../../arm-none-eabi/lib/armv7-m/libm.a(lib_a-s_matherr.o)
 .ARM.attributes
                0x0000045b       0x2d /usr/local/lpcxpresso_7.6.2_326/lpcxpresso/tools/bin/../lib/gcc/arm-none-eabi/4.9.3/../../../../arm-none-eabi/lib/armv7-m/libm.a(lib_a-sf_atan.o)
 .ARM.attributes
                0x00000488       0x2d /usr/local/lpcxpresso_7.6.2_326/lpcxpresso/tools/bin/../lib/gcc/arm-none-eabi/4.9.3/../../../../arm-none-eabi/lib/armv7-m/libm.a(lib_a-sf_fabs.o)
 .ARM.attributes
                0x000004b5       0x2d /usr/local/lpcxpresso_7.6.2_326/lpcxpresso/tools/bin/../lib/gcc/arm-none-eabi/4.9.3/../../../../arm-none-eabi/lib/armv7-m/libm.a(lib_a-sf_floor.o)
 .ARM.attributes
                0x000004e2       0x2d /usr/local/lpcxpresso_7.6.2_326/lpcxpresso/tools/bin/../lib/gcc/arm-none-eabi/4.9.3/../../../../arm-none-eabi/lib/armv7-m/libm.a(lib_a-sf_fpclassify.o)
 .ARM.attributes
                0x0000050f       0x2d /usr/local/lpcxpresso_7.6.2_326/lpcxpresso/tools/bin/../lib/gcc/arm-none-eabi/4.9.3/../../../../arm-none-eabi/lib/armv7-m/libm.a(lib_a-sf_scalbn.o)
 .ARM.attributes
                0x0000053c       0x2d /usr/local/lpcxpresso_7.6.2_326/lpcxpresso/tools/bin/../lib/gcc/arm-none-eabi/4.9.3/../../../../arm-none-eabi/lib/armv7-m/libm.a(lib_a-sf_copysign.o)
 .ARM.attributes
                0x00000569       0x2d /usr/local/lpcxpresso_7.6.2_326/lpcxpresso/tools/bin/../lib/gcc/arm-none-eabi/4.9.3/../../../../arm-none-eabi/lib/armv7-m/libc_nano.a(lib_a-errno.o)
 .ARM.attributes
                0x00000596       0x2d /usr/local/lpcxpresso_7.6.2_326/lpcxpresso/tools/bin/../lib/gcc/arm-none-eabi/4.9.3/../../../../arm-none-eabi/lib/armv7-m/libc_nano.a(lib_a-impure.o)
OUTPUT(obj/baseflight_NAZE.elf elf32-littlearm)

.debug_info     0x00000000     0xaae4
 .debug_info    0x00000000     0x4f8a /tmp/ccb50d1s.ltrans0.ltrans.o
 .debug_info    0x00004f8a     0x1651 /tmp/ccb50d1s.ltrans1.ltrans.o
 .debug_info    0x000065db     0x1dd6 /tmp/ccb50d1s.ltrans2.ltrans.o
 .debug_info    0x000083b1     0x15af /tmp/ccb50d1s.ltrans3.ltrans.o
 .debug_info    0x00009960      0xdb7 /tmp/ccb50d1s.ltrans4.ltrans.o
 .debug_info    0x0000a717      0x3cd /tmp/ccb50d1s.ltrans5.ltrans.o

.debug_abbrev   0x00000000     0x193c
 .debug_abbrev  0x00000000      0x561 /tmp/ccb50d1s.ltrans0.ltrans.o
 .debug_abbrev  0x00000561      0x456 /tmp/ccb50d1s.ltrans1.ltrans.o
 .debug_abbrev  0x000009b7      0x578 /tmp/ccb50d1s.ltrans2.ltrans.o
 .debug_abbrev  0x00000f2f      0x4a7 /tmp/ccb50d1s.ltrans3.ltrans.o
 .debug_abbrev  0x000013d6      0x428 /tmp/ccb50d1s.ltrans4.ltrans.o
 .debug_abbrev  0x000017fe      0x13e /tmp/ccb50d1s.ltrans5.ltrans.o

.debug_loc      0x00000000     0x6af5
 .debug_loc     0x00000000     0x36e4 /tmp/ccb50d1s.ltrans0.ltrans.o
 .debug_loc     0x000036e4      0xa8a /tmp/ccb50d1s.ltrans1.ltrans.o
 .debug_loc     0x0000416e     0x11d5 /tmp/ccb50d1s.ltrans2.ltrans.o
 .debug_loc     0x00005343      0xccd /tmp/ccb50d1s.ltrans3.ltrans.o
 .debug_loc     0x00006010      0x613 /tmp/ccb50d1s.ltrans4.ltrans.o
 .debug_loc     0x00006623      0x4d2 /tmp/ccb50d1s.ltrans5.ltrans.o

.debug_aranges  0x00000000       0xc0
 .debug_aranges
                0x00000000       0x20 /tmp/ccb50d1s.ltrans0.ltrans.o
 .debug_aranges
                0x00000020       0x20 /tmp/ccb50d1s.ltrans1.ltrans.o
 .debug_aranges
                0x00000040       0x20 /tmp/ccb50d1s.ltrans2.ltrans.o
 .debug_aranges
                0x00000060       0x20 /tmp/ccb50d1s.ltrans3.ltrans.o
 .debug_aranges
                0x00000080       0x20 /tmp/ccb50d1s.ltrans4.ltrans.o
 .debug_aranges
                0x000000a0       0x20 /tmp/ccb50d1s.ltrans5.ltrans.o

.debug_ranges   0x00000000      0xce8
 .debug_ranges  0x00000000      0x8a8 /tmp/ccb50d1s.ltrans0.ltrans.o
 .debug_ranges  0x000008a8      0x1f8 /tmp/ccb50d1s.ltrans1.ltrans.o
 .debug_ranges  0x00000aa0      0x110 /tmp/ccb50d1s.ltrans2.ltrans.o
 .debug_ranges  0x00000bb0       0xd8 /tmp/ccb50d1s.ltrans3.ltrans.o
 .debug_ranges  0x00000c88       0x60 /tmp/ccb50d1s.ltrans4.ltrans.o

.debug_line     0x00000000     0x21a6
 .debug_line    0x00000000      0xdac /tmp/ccb50d1s.ltrans0.ltrans.o
 .debug_line    0x00000dac      0x57e /tmp/ccb50d1s.ltrans1.ltrans.o
 .debug_line    0x0000132a      0x482 /tmp/ccb50d1s.ltrans2.ltrans.o
 .debug_line    0x000017ac      0x52f /tmp/ccb50d1s.ltrans3.ltrans.o
 .debug_line    0x00001cdb      0x349 /tmp/ccb50d1s.ltrans4.ltrans.o
 .debug_line    0x00002024      0x182 /tmp/ccb50d1s.ltrans5.ltrans.o

.debug_str      0x00000000     0x2f82
 .debug_str     0x00000000     0x1ef8 /tmp/ccb50d1s.ltrans0.ltrans.o
                               0x1fcd (size before relaxing)
 .debug_str     0x00001ef8      0x3e0 /tmp/ccb50d1s.ltrans1.ltrans.o
                                0xa57 (size before relaxing)
 .debug_str     0x000022d8      0x538 /tmp/ccb50d1s.ltrans2.ltrans.o
                                0xdbf (size before relaxing)
 .debug_str     0x00002810      0x43b /tmp/ccb50d1s.ltrans3.ltrans.o
                                0xca6 (size before relaxing)
 .debug_str     0x00002c4b      0x1af /tmp/ccb50d1s.ltrans4.ltrans.o
                                0x6ea (size before relaxing)
 .debug_str     0x00002dfa      0x188 /tmp/ccb50d1s.ltrans5.ltrans.o
                                0x33c (size before relaxing)

.comment        0x00000000       0x70
 .comment       0x00000000       0x70 /tmp/ccb50d1s.ltrans0.ltrans.o
                                 0x71 (size before relaxing)
 .comment       0x00000000       0x71 /tmp/ccb50d1s.ltrans1.ltrans.o
 .comment       0x00000000       0x71 /tmp/ccb50d1s.ltrans2.ltrans.o
 .comment       0x00000000       0x71 /tmp/ccb50d1s.ltrans3.ltrans.o
 .comment       0x00000000       0x71 /tmp/ccb50d1s.ltrans4.ltrans.o
 .comment       0x00000000       0x71 /tmp/ccb50d1s.ltrans5.ltrans.o

.debug_frame    0x00000000      0xae0
 .debug_frame   0x00000000       0x30 /tmp/ccb50d1s.ltrans0.ltrans.o
 .debug_frame   0x00000030      0x1a8 /tmp/ccb50d1s.ltrans1.ltrans.o
 .debug_frame   0x000001d8      0x1cc /tmp/ccb50d1s.ltrans2.ltrans.o
 .debug_frame   0x000003a4      0x17c /tmp/ccb50d1s.ltrans3.ltrans.o
 .debug_frame   0x00000520      0x1dc /tmp/ccb50d1s.ltrans4.ltrans.o
 .debug_frame   0x000006fc       0x4c /tmp/ccb50d1s.ltrans5.ltrans.o
 .debug_frame   0x00000748       0x34 /usr/local/lpcxpresso_7.6.2_326/lpcxpresso/tools/bin/../lib/gcc/arm-none-eabi/4.9.3/../../../../arm-none-eabi/lib/armv7-m/libm.a(lib_a-sf_cos.o)
 .debug_frame   0x0000077c       0x40 /usr/local/lpcxpresso_7.6.2_326/lpcxpresso/tools/bin/../lib/gcc/arm-none-eabi/4.9.3/../../../../arm-none-eabi/lib/armv7-m/libm.a(lib_a-sf_lrint.o)
 .debug_frame   0x000007bc       0x34 /usr/local/lpcxpresso_7.6.2_326/lpcxpresso/tools/bin/../lib/gcc/arm-none-eabi/4.9.3/../../../../arm-none-eabi/lib/armv7-m/libm.a(lib_a-sf_sin.o)
 .debug_frame   0x000007f0       0x20 /usr/local/lpcxpresso_7.6.2_326/lpcxpresso/tools/bin/../lib/gcc/arm-none-eabi/4.9.3/../../../../arm-none-eabi/lib/armv7-m/libm.a(lib_a-wf_atan2.o)
 .debug_frame   0x00000810       0x3c /usr/local/lpcxpresso_7.6.2_326/lpcxpresso/tools/bin/../lib/gcc/arm-none-eabi/4.9.3/../../../../arm-none-eabi/lib/armv7-m/libm.a(lib_a-wf_sqrt.o)
 .debug_frame   0x0000084c       0x3c /usr/local/lpcxpresso_7.6.2_326/lpcxpresso/tools/bin/../lib/gcc/arm-none-eabi/4.9.3/../../../../arm-none-eabi/lib/armv7-m/libm.a(lib_a-ef_atan2.o)
 .debug_frame   0x00000888       0x48 /usr/local/lpcxpresso_7.6.2_326/lpcxpresso/tools/bin/../lib/gcc/arm-none-eabi/4.9.3/../../../../arm-none-eabi/lib/armv7-m/libm.a(lib_a-ef_rem_pio2.o)
 .debug_frame   0x000008d0       0x2c /usr/local/lpcxpresso_7.6.2_326/lpcxpresso/tools/bin/../lib/gcc/arm-none-eabi/4.9.3/../../../../arm-none-eabi/lib/armv7-m/libm.a(lib_a-ef_sqrt.o)
 .debug_frame   0x000008fc       0x34 /usr/local/lpcxpresso_7.6.2_326/lpcxpresso/tools/bin/../lib/gcc/arm-none-eabi/4.9.3/../../../../arm-none-eabi/lib/armv7-m/libm.a(lib_a-kf_cos.o)
 .debug_frame   0x00000930       0x50 /usr/local/lpcxpresso_7.6.2_326/lpcxpresso/tools/bin/../lib/gcc/arm-none-eabi/4.9.3/../../../../arm-none-eabi/lib/armv7-m/libm.a(lib_a-kf_rem_pio2.o)
 .debug_frame   0x00000980       0x34 /usr/local/lpcxpresso_7.6.2_326/lpcxpresso/tools/bin/../lib/gcc/arm-none-eabi/4.9.3/../../../../arm-none-eabi/lib/armv7-m/libm.a(lib_a-kf_sin.o)
 .debug_frame   0x000009b4       0x20 /usr/local/lpcxpresso_7.6.2_326/lpcxpresso/tools/bin/../lib/gcc/arm-none-eabi/4.9.3/../../../../arm-none-eabi/lib/armv7-m/libm.a(lib_a-s_matherr.o)
 .debug_frame   0x000009d4       0x30 /usr/local/lpcxpresso_7.6.2_326/lpcxpresso/tools/bin/../lib/gcc/arm-none-eabi/4.9.3/../../../../arm-none-eabi/lib/armv7-m/libm.a(lib_a-sf_atan.o)
 .debug_frame   0x00000a04       0x20 /usr/local/lpcxpresso_7.6.2_326/lpcxpresso/tools/bin/../lib/gcc/arm-none-eabi/4.9.3/../../../../arm-none-eabi/lib/armv7-m/libm.a(lib_a-sf_fabs.o)
 .debug_frame   0x00000a24       0x30 /usr/local/lpcxpresso_7.6.2_326/lpcxpresso/tools/bin/../lib/gcc/arm-none-eabi/4.9.3/../../../../arm-none-eabi/lib/armv7-m/libm.a(lib_a-sf_floor.o)
 .debug_frame   0x00000a54       0x20 /usr/local/lpcxpresso_7.6.2_326/lpcxpresso/tools/bin/../lib/gcc/arm-none-eabi/4.9.3/../../../../arm-none-eabi/lib/armv7-m/libm.a(lib_a-sf_fpclassify.o)
 .debug_frame   0x00000a74       0x2c /usr/local/lpcxpresso_7.6.2_326/lpcxpresso/tools/bin/../lib/gcc/arm-none-eabi/4.9.3/../../../../arm-none-eabi/lib/armv7-m/libm.a(lib_a-sf_scalbn.o)
 .debug_frame   0x00000aa0       0x20 /usr/local/lpcxpresso_7.6.2_326/lpcxpresso/tools/bin/../lib/gcc/arm-none-eabi/4.9.3/../../../../arm-none-eabi/lib/armv7-m/libm.a(lib_a-sf_copysign.o)
 .debug_frame   0x00000ac0       0x20 /usr/local/lpcxpresso_7.6.2_326/lpcxpresso/tools/bin/../lib/gcc/arm-none-eabi/4.9.3/../../../../arm-none-eabi/lib/armv7-m/libc_nano.a(lib_a-errno.o)
